HTTP/1.1 200 OK
X-Powered-By: PHP/8.1.12
Expires: Thu, 19 Nov 1981 08:52:00 GMT
Cache-Control: no-store, no-cache, must-revalidate
Pragma: no-cache

[
    {
        "id": "1",
        "name": "Jackson",
        "size": "Life-Cast",
        "options": null,
        "price": "295.33",
        "brand": "EXOTIC-EROTICS",
        "brand_link": "https://www.exotic-erotics.com/store/",
        "scheduled_date": "0000-00-00",
        "date_created": "2024-11-02 19:38:35",
        "link": "https://www.exotic-erotics.com/store/index.php?main_page=product_info&cPath=51_35&products_id=99",
        "preview_link": "https://www.exotic-erotics.com/store/images/products/Jacksonr.jpg",
        "soft_deleted": "0"
    },
    {
        "id": "2",
        "name": "Black PVC Horse Dildo",
        "size": "17\"",
        "options": null,
        "price": "55.36",
        "brand": "HORSEDILDO.COM",
        "brand_link": "https://horsedildo.com",
        "scheduled_date": "0000-00-00",
        "date_created": "2024-11-03 00:40:49",
        "link": "https://horsedildo.com/product/17-black-pvc-horse-dildo/",
        "preview_link": "https://horsedildo.com/wp-content/uploads/2022/02/horse-dildo-1.jpg",
        "soft_deleted": "0"
    },
    {
        "id": "3",
        "name": "Silver Full Flare",
        "size": "Life-Cast",
        "options": null,
        "price": "156.89",
        "brand": "EXOTIC-EROTICS",
        "brand_link": "https://www.exotic-erotics.com/store/",
        "scheduled_date": "0000-00-00",
        "date_created": "2024-11-03 01:05:53",
        "link": "https://www.exotic-erotics.com/store/index.php?main_page=product_info&cPath=51_35&products_id=110",
        "preview_link": "https://www.exotic-erotics.com/store/images/products/Silverfullflare.jpg",
        "soft_deleted": "0"
    },
    {
        "id": "4",
        "name": "Godemichet Anal surdimensionné, Plug Anal doux avec ventouse, Phallus, jouet sexuel pour l'anus",
        "size": "Large",
        "options": null,
        "price": "77.83",
        "brand": "Amazon",
        "brand_link": "https://www.amazon.fr",
        "scheduled_date": "0000-00-00",
        "date_created": "2024-11-03 01:20:23",
        "link": "https://www.amazon.fr/Godemichet-surdimensionné-ventouse-Phallus-sexuel/dp/B0DBGYSG23",
        "preview_link": "https://m.media-amazon.com/images/I/51WzMhGd02L._AC_SY450_.jpg",
        "soft_deleted": "0"
    },
    {
        "id": "5",
        "name": "Rex® the German Shephard",
        "size": "XL",
        "options": null,
        "price": "212.27",
        "brand": "Bad Dragon",
        "brand_link": "https://bad-dragon.com",
        "scheduled_date": "0000-00-00",
        "date_created": "2024-11-03 01:38:25",
        "link": "https://bad-dragon.com/products/rex",
        "preview_link": "https://da6npmvqm28oa.cloudfront.net/5daaa1bd-1ce8-41c5-acf7-683d7a8c9128.jpg",
        "soft_deleted": "0"
    },
    {
        "id": "6",
        "name": "Spike",
        "size": "105",
        "options": null,
        "price": "149.95",
        "brand": "ToppedToys",
        "brand_link": "https://toppedtoys.com",
        "scheduled_date": "0000-00-00",
        "date_created": "2024-11-03 01:46:03",
        "link": "https://toppedtoys.com/collections/spike/products/spike-105",
        "preview_link": "https://toppedtoys.com/cdn/shop/products/Spike105_DSC_0446_SQ.jpg",
        "soft_deleted": "0"
    },
    {
        "id": "7",
        "name": "Spike",
        "size": "125",
        "options": null,
        "price": "211.95",
        "brand": "ToppedToys",
        "brand_link": "https://toppedtoys.com",
        "scheduled_date": "0000-00-00",
        "date_created": "2024-11-03 01:54:15",
        "link": "https://toppedtoys.com/collections/spike/products/spike-125",
        "preview_link": "https://toppedtoys.com/cdn/shop/products/SPK125-Primary.jpg",
        "soft_deleted": "0"
    },
    {
        "id": "8",
        "name": "Azure the Hyena",
        "size": "XL",
        "options": null,
        "price": "198.19",
        "brand": "Weredog",
        "brand_link": "https://weredog.co.uk",
        "scheduled_date": "0000-00-00",
        "date_created": "2024-11-03 02:03:19",
        "link": "https://weredog.co.uk/inventory/azure/",
        "preview_link": "https://weredog.co.uk/wp-content/uploads/2024/10/Azure_product.jpg",
        "soft_deleted": "0"
    },
    {
        "id": "9",
        "name": "Jack’s Butt",
        "size": "One size",
        "options": "Color: Zebra",
        "price": "119.86",
        "brand": "Weredog",
        "brand_link": "https://weredog.co.uk",
        "scheduled_date": "2024-12-25",
        "date_created": "2024-11-03 02:05:12",
        "link": "https://weredog.co.uk/inventory/jacks-butt/",
        "preview_link": "https://weredog.co.uk/wp-content/uploads/2023/12/Jacks-Butt.jpg",
        "soft_deleted": "0"
    },
    {
        "id": "10",
        "name": "Hudson’s Muzzle",
        "size": "One size",
        "options": null,
        "price": "133.78",
        "brand": "Weredog",
        "brand_link": "https://weredog.co.uk",
        "scheduled_date": "0000-00-00",
        "date_created": "2024-11-03 02:08:27",
        "link": "https://weredog.co.uk/inventory/hudsons-muzzle/",
        "preview_link": "https://weredog.co.uk/wp-content/uploads/2024/07/Hudsons-muzzle_main_product.jpg",
        "soft_deleted": "0"
    },
    {
        "id": "11",
        "name": "Dagger",
        "size": "Large",
        "options": "Color: Cobalt",
        "price": "99.88",
        "brand": "Weredog",
        "brand_link": "https://weredog.co.uk",
        "scheduled_date": "2024-12-25",
        "date_created": "2024-11-03 02:11:49",
        "link": "https://weredog.co.uk/inventory/dagger/",
        "preview_link": "https://weredog.co.uk/wp-content/uploads/2023/08/dagger_main_2.jpg",
        "soft_deleted": "0"
    },
    {
        "id": "12",
        "name": "Double knotted Equine Dildo",
        "size": "One size",
        "options": null,
        "price": "145.94",
        "brand": "UwusToys",
        "brand_link": "https://www.etsy.com/fr/shop/UwusToys",
        "scheduled_date": "0000-00-00",
        "date_created": "2024-11-03 11:33:34",
        "link": "https://www.etsy.com/fr/shop/UwusToys",
        "preview_link": "https://i.etsystatic.com/36399057/r/il/292bde/4022847283/il_340x270.4022847283_460l.jpg",
        "soft_deleted": "0"
    },
    {
        "id": "13",
        "name": "Skylar",
        "size": "XL",
        "options": null,
        "price": "173.27",
        "brand": "Weredog",
        "brand_link": "https://weredog.co.uk",
        "scheduled_date": "0000-00-00",
        "date_created": "2024-11-03 11:37:53",
        "link": "https://weredog.co.uk/inventory/skylar/",
        "preview_link": "https://weredog.co.uk/wp-content/uploads/2022/05/WD-04-SKYLAR-MAINBEAUTY-2022-02.jpg",
        "soft_deleted": "0"
    },
    {
        "id": "14",
        "name": "Gage",
        "size": "XL",
        "options": null,
        "price": "198.02",
        "brand": "Weredog",
        "brand_link": "https://weredog.co.uk",
        "scheduled_date": "0000-00-00",
        "date_created": "2024-11-03 11:43:08",
        "link": "https://weredog.co.uk/inventory/gage/",
        "preview_link": "https://weredog.co.uk/wp-content/uploads/2022/05/WD-03-GAGE-MAINBEAUTY-2022-02.jpg",
        "soft_deleted": "0"
    },
    {
        "id": "15",
        "name": "Jack",
        "size": "XL",
        "options": null,
        "price": "183.17",
        "brand": "Weredog",
        "brand_link": "https://weredog.co.uk",
        "scheduled_date": "0000-00-00",
        "date_created": "2024-11-03 12:05:04",
        "link": "https://weredog.co.uk/inventory/jack/",
        "preview_link": "https://weredog.co.uk/wp-content/uploads/2022/05/WD-05-JACK-MAINBEAUTY-2022-02.jpg",
        "soft_deleted": "0"
    },
    {
        "id": "16",
        "name": "Loch",
        "size": "XL",
        "options": null,
        "price": "198.02",
        "brand": "Weredog",
        "brand_link": "https://weredog.co.uk",
        "scheduled_date": "0000-00-00",
        "date_created": "2024-11-03 12:07:56",
        "link": "https://weredog.co.uk/inventory/loch/",
        "preview_link": "https://weredog.co.uk/wp-content/uploads/2022/05/WD-07-LOCH-MAINBEAUTY-2022-02.jpg",
        "soft_deleted": "0"
    },
    {
        "id": "17",
        "name": "Artemis",
        "size": "105",
        "options": null,
        "price": "151.95",
        "brand": "ToppedToys",
        "brand_link": "https://toppedtoys.com",
        "scheduled_date": "0000-00-00",
        "date_created": "2024-11-03 12:19:59",
        "link": "https://toppedtoys.com/collections/artemis/products/artemis-105",
        "preview_link": "https://toppedtoys.com/cdn/shop/products/Wrex_pri_1x1_2.png",
        "soft_deleted": "0"
    },
    {
        "id": "18",
        "name": "Mare Maker",
        "size": "100",
        "options": null,
        "price": "114.95",
        "brand": "ToppedToys",
        "brand_link": "https://toppedtoys.com",
        "scheduled_date": "0000-00-00",
        "date_created": "2024-11-03 12:27:16",
        "link": "https://toppedtoys.com/collections/mare-maker/products/mare-maker-100",
        "preview_link": "https://toppedtoys.com/cdn/shop/files/MMK100_Pri.png",
        "soft_deleted": "0"
    },
    {
        "id": "19",
        "name": "Pegasus",
        "size": "105",
        "options": null,
        "price": "141.95",
        "brand": "ToppedToys",
        "brand_link": "https://toppedtoys.com",
        "scheduled_date": "0000-00-00",
        "date_created": "2024-11-03 12:30:26",
        "link": "https://toppedtoys.com/collections/pegasus/products/pegasus-105",
        "preview_link": "https://toppedtoys.com/cdn/shop/products/Peg105_Pri_2.png",
        "soft_deleted": "0"
    },
    {
        "id": "20",
        "name": "Pegasus",
        "size": "125",
        "options": null,
        "price": "236.95",
        "brand": "ToppedToys",
        "brand_link": "https://toppedtoys.com",
        "scheduled_date": "0000-00-00",
        "date_created": "2024-11-03 12:38:53",
        "link": "https://toppedtoys.com/collections/pegasus/products/pegasus-125",
        "preview_link": "https://toppedtoys.com/cdn/shop/files/Peg125_Pri2.png",
        "soft_deleted": "0"
    },
    {
        "id": "21",
        "name": "Xenomaw Dildo",
        "size": "Medium",
        "options": null,
        "price": "68.95",
        "brand": "Deep Fantasies",
        "brand_link": "https://deepfantasies.com",
        "scheduled_date": "0000-00-00",
        "date_created": "2024-11-03 12:44:14",
        "link": "https://deepfantasies.com/products/xenomaw",
        "preview_link": "https://deepfantasies.com/cdn/shop/products/VenomawCoverBlack_1_360x.png",
        "soft_deleted": "0"
    },
    {
        "id": "22",
        "name": "Orochi® the Dragon Kaiju",
        "size": "XL",
        "options": null,
        "price": "212.27",
        "brand": "Bad Dragon",
        "brand_link": "https://bad-dragon.com",
        "scheduled_date": "0000-00-00",
        "date_created": "2024-11-03 12:49:10",
        "link": "https://bad-dragon.com/products/orochi",
        "preview_link": "https://da6npmvqm28oa.cloudfront.net/02cbe5d5-9574-46c8-b748-5b2519327aa3.jpg",
        "soft_deleted": "0"
    },
    {
        "id": "23",
        "name": "Tempestt® the Storm Dragon",
        "size": "XL",
        "options": null,
        "price": "212.27",
        "brand": "Bad Dragon",
        "brand_link": "https://bad-dragon.com",
        "scheduled_date": "0000-00-00",
        "date_created": "2024-11-03 12:54:04",
        "link": "https://bad-dragon.com/products/tempestt",
        "preview_link": "https://da6npmvqm28oa.cloudfront.net/825e0add-1396-4b97-a4de-a874807e3716.jpg",
        "soft_deleted": "0"
    },
    {
        "id": "24",
        "name": "Aquadrax™",
        "size": "XL",
        "options": null,
        "price": "193.81",
        "brand": "Bad Dragon",
        "brand_link": "https://bad-dragon.com",
        "scheduled_date": "0000-00-00",
        "date_created": "2024-11-03 13:02:03",
        "link": "https://bad-dragon.com/products/aquadrax",
        "preview_link": "https://da6npmvqm28oa.cloudfront.net/76523048-655e-4baf-9dc0-5314f8353472.jpg",
        "soft_deleted": "0"
    },
    {
        "id": "26",
        "name": "Nova the Breeder®",
        "size": "XL",
        "options": null,
        "price": "193.81",
        "brand": "Bad Dragon",
        "brand_link": "https://bad-dragon.com",
        "scheduled_date": "0000-00-00",
        "date_created": "2024-11-03 13:12:04",
        "link": "https://bad-dragon.com/products/nova",
        "preview_link": "https://da6npmvqm28oa.cloudfront.net/6b539336-7ebc-4da1-8e8f-d08bc8e60001.jpg",
        "soft_deleted": "0"
    },
    {
        "id": "27",
        "name": "Sveinn® the Buck",
        "size": "XL",
        "options": null,
        "price": "193.81",
        "brand": "Bad Dragon",
        "brand_link": "https://bad-dragon.com",
        "scheduled_date": "0000-00-00",
        "date_created": "2024-11-03 13:14:34",
        "link": "https://bad-dragon.com/products/sveinn",
        "preview_link": "https://da6npmvqm28oa.cloudfront.net/237ca7e5-ec59-49e4-82ea-f6e19375a9fc.jpg",
        "soft_deleted": "0"
    },
    {
        "id": "28",
        "name": "Amon the Wingless™",
        "size": "L",
        "options": null,
        "price": "156.89",
        "brand": "Bad Dragon",
        "brand_link": "https://bad-dragon.com",
        "scheduled_date": "0000-00-00",
        "date_created": "2024-11-03 13:19:00",
        "link": "https://bad-dragon.com/products/amon",
        "preview_link": "https://da6npmvqm28oa.cloudfront.net/a47d67de-5d1b-42be-9d74-d28061afb15b.jpg",
        "soft_deleted": "0"
    },
    {
        "id": "31",
        "name": "Zweihander Plug",
        "size": "Colossal",
        "options": null,
        "price": "128.28",
        "brand": "Ambush Toys",
        "brand_link": "https://ambushtoys.com",
        "scheduled_date": "0000-00-00",
        "date_created": "2024-11-03 14:59:52",
        "link": "https://ambushtoys.com/collections/plug-inventory/products/zweihander-plug",
        "preview_link": "https://ambushtoys.com/cdn/shop/files/DSC02359_600x.jpg",
        "soft_deleted": "0"
    },
    {
        "id": "32",
        "name": "Bludgeon",
        "size": "Large",
        "options": null,
        "price": "161.51",
        "brand": "Ambush Toys",
        "brand_link": "https://ambushtoys.com",
        "scheduled_date": "0000-00-00",
        "date_created": "2024-11-03 15:05:49",
        "link": "https://ambushtoys.com/collections/all-dildos/products/bludgeon",
        "preview_link": "https://ambushtoys.com/cdn/shop/products/bludgeon1_1200x1200.jpg",
        "soft_deleted": "0"
    },
    {
        "id": "33",
        "name": "Zweihander",
        "size": "Huge",
        "options": null,
        "price": "303.63",
        "brand": "Ambush Toys",
        "brand_link": "https://ambushtoys.com",
        "scheduled_date": "0000-00-00",
        "date_created": "2024-11-03 15:11:21",
        "link": "https://ambushtoys.com/collections/all-dildos/products/zweihander",
        "preview_link": "https://ambushtoys.com/cdn/shop/products/zwei_t_1_d6626620-d234-47f0-a5d5-7830581d6326_1200x1200.jpg",
        "soft_deleted": "0"
    },
    {
        "id": "34",
        "name": "Spear",
        "size": "Large-Huge",
        "options": null,
        "price": "192.89",
        "brand": "Ambush Toys",
        "brand_link": "https://ambushtoys.com",
        "scheduled_date": "0000-00-00",
        "date_created": "2024-11-03 15:18:04",
        "link": "https://ambushtoys.com/collections/all-dildos/products/spear",
        "preview_link": "https://ambushtoys.com/cdn/shop/files/SpearMTO1_1200x1200.jpg",
        "soft_deleted": "0"
    },
    {
        "id": "35",
        "name": "Odachi",
        "size": "Large",
        "options": null,
        "price": "161.51",
        "brand": "Ambush Toys",
        "brand_link": "https://ambushtoys.com",
        "scheduled_date": "0000-00-00",
        "date_created": "2024-11-03 15:25:26",
        "link": "https://ambushtoys.com/collections/all-dildos/products/odachi",
        "preview_link": "https://ambushtoys.com/cdn/shop/products/otter_dildo_L_4fa20144-a445-4eb7-8400-0f73a8c1222b_1200x1200.jpg",
        "soft_deleted": "0"
    },
    {
        "id": "36",
        "name": "Halberd",
        "size": "Huge",
        "options": null,
        "price": "192.89",
        "brand": "Ambush Toys",
        "brand_link": "https://ambushtoys.com",
        "scheduled_date": "0000-00-00",
        "date_created": "2024-11-03 15:28:34",
        "link": "https://ambushtoys.com/collections/all-dildos/products/halberd",
        "preview_link": "https://ambushtoys.com/cdn/shop/products/DSC_8671_1200x1200.jpg",
        "soft_deleted": "0"
    },
    {
        "id": "37",
        "name": "Alto the Chameleon",
        "size": "XL",
        "options": null,
        "price": "195.95",
        "brand": "Twin Tail Creations",
        "brand_link": "https://twintailcreations.com",
        "scheduled_date": "0000-00-00",
        "date_created": "2024-11-03 15:42:03",
        "link": "https://twintailcreations.com/products/alto-the-chameleon",
        "preview_link": "https://twintailcreations.com/cdn/shop/products/Alto_Icon_Pic.jpg",
        "soft_deleted": "0"
    },
    {
        "id": "38",
        "name": "Atlas the Unicorn",
        "size": "XL",
        "options": null,
        "price": "200.95",
        "brand": "Twin Tail Creations",
        "brand_link": "https://twintailcreations.com",
        "scheduled_date": "0000-00-00",
        "date_created": "2024-11-03 15:49:23",
        "link": "https://twintailcreations.com/products/atlas-the-unicorn",
        "preview_link": "https://twintailcreations.com/cdn/shop/products/Insertable_Atlas_Thumbnail.jpg",
        "soft_deleted": "0"
    },
    {
        "id": "39",
        "name": "Brooklyn Supreme",
        "size": "XXL Atlas",
        "options": null,
        "price": "373.95",
        "brand": "Twin Tail Creations",
        "brand_link": "https://twintailcreations.com",
        "scheduled_date": "0000-00-00",
        "date_created": "2024-11-03 15:53:10",
        "link": "https://twintailcreations.com/products/the-brooklyn-supreme",
        "preview_link": "https://twintailcreations.com/cdn/shop/products/brooklynSupreme.png",
        "soft_deleted": "0"
    },
    {
        "id": "40",
        "name": "Asmodeus",
        "size": "Large",
        "options": null,
        "price": "221.95",
        "brand": "Twisted Beast",
        "brand_link": "https://www.twistedbeaststore.eu/fr",
        "scheduled_date": "0000-00-00",
        "date_created": "2024-11-03 16:01:58",
        "link": "https://www.twistedbeaststore.eu/fr/products/asmodeus-tentacle-dildo",
        "preview_link": "http://www.twistedbeaststore.eu/cdn/shop/files/Asmodeus-Tentacle-Dildo_1200x1200.jpg",
        "soft_deleted": "0"
    },
    {
        "id": "41",
        "name": "Orobas",
        "size": "XL",
        "options": null,
        "price": "263.95",
        "brand": "Twisted Beast",
        "brand_link": "https://www.twistedbeaststore.eu/fr",
        "scheduled_date": "0000-00-00",
        "date_created": "2024-11-03 16:06:08",
        "link": "https://www.twistedbeaststore.eu/fr/products/orobas-horse-dildo",
        "preview_link": "https://www.twistedbeaststore.eu/cdn/shop/files/Horse-Dildo_d15954e1-1b3a-4e4a-9884-4393cedf3d02_1200x1200.jpg",
        "soft_deleted": "0"
    },
    {
        "id": "42",
        "name": "Ted",
        "size": "12\"",
        "options": null,
        "price": "113.95",
        "brand": "Twisted Beast",
        "brand_link": "https://www.twistedbeaststore.eu/fr",
        "scheduled_date": "0000-00-00",
        "date_created": "2024-11-03 19:05:50",
        "link": "https://www.twistedbeaststore.eu/fr/products/ted-silicone-butt-plug",
        "preview_link": "https://www.twistedbeaststore.eu/cdn/shop/files/TED-DB-STRETCH_1200x1200.jpg",
        "soft_deleted": "0"
    },
    {
        "id": "43",
        "name": "Behemoth",
        "size": "XL",
        "options": null,
        "price": "189.95",
        "brand": "Twisted Beast",
        "brand_link": "https://www.twistedbeaststore.eu/fr",
        "scheduled_date": "0000-00-00",
        "date_created": "2024-11-03 19:12:45",
        "link": "https://www.twistedbeaststore.eu/fr/products/behemoth-dragon-dildo",
        "preview_link": "https://www.twistedbeaststore.eu/cdn/shop/files/0001__0008_BEHEMOTH-DB-1_jpg_jpg_1200x1200.jpg",
        "soft_deleted": "0"
    },
    {
        "id": "44",
        "name": "Jinn",
        "size": "Large",
        "options": null,
        "price": "107.95",
        "brand": "Twisted Beast",
        "brand_link": "https://www.twistedbeaststore.eu/fr",
        "scheduled_date": "0000-00-00",
        "date_created": "2024-11-03 19:33:12",
        "link": "https://www.twistedbeaststore.eu/fr/products/jinn-tentacle-butt-plug",
        "preview_link": "https://www.twistedbeaststore.eu/cdn/shop/files/Tentacle-Buttplug-DB-Large-3_c052a6b3-6c27-4de7-bb95-3b251294237d_1200x1200.webp",
        "soft_deleted": "0"
    },
    {
        "id": "45",
        "name": "Roland the Rattleyote",
        "size": "XL",
        "options": null,
        "price": "211.46",
        "brand": "Bad Dragon",
        "brand_link": "https://bad-dragon.com",
        "scheduled_date": "0000-00-00",
        "date_created": "2024-11-03 22:48:56",
        "link": "https://bad-dragon.com/products/roland",
        "preview_link": "https://da6npmvqm28oa.cloudfront.net/16256f3e-838f-4c75-a560-23aa7ad07b30.jpg",
        "soft_deleted": "0"
    },
    {
        "id": "46",
        "name": "Mantis the Drone",
        "size": "XL",
        "options": null,
        "price": "204.95",
        "brand": "Twin Tail Creations",
        "brand_link": "https://twintailcreations.com",
        "scheduled_date": "0000-00-00",
        "date_created": "2024-11-03 23:09:49",
        "link": "https://twintailcreations.com/products/mantis-the-drone",
        "preview_link": "https://twintailcreations.com/cdn/shop/products/Drone_Laying_1920p_Dark_BG_2.jpg",
        "soft_deleted": "0"
    },
    {
        "id": "47",
        "name": "Zane the Felkin",
        "size": "XL",
        "options": null,
        "price": "204.95",
        "brand": "Twin Tail Creations",
        "brand_link": "https://twintailcreations.com",
        "scheduled_date": "0000-00-00",
        "date_created": "2024-11-03 23:21:29",
        "link": "https://twintailcreations.com/products/zane",
        "preview_link": "https://twintailcreations.com/cdn/shop/products/85.jpg",
        "soft_deleted": "0"
    },
    {
        "id": "48",
        "name": "Ember",
        "size": "XL",
        "options": null,
        "price": "205.95",
        "brand": "Twin Tail Creations",
        "brand_link": "https://twintailcreations.com",
        "scheduled_date": "0000-00-00",
        "date_created": "2024-11-03 23:28:15",
        "link": "https://twintailcreations.com/products/ember",
        "preview_link": "https://twintailcreations.com/cdn/shop/files/c7922871ddc139dc396daf1f3e3d50ec_e20b815c-6c68-4c6e-819a-5602e948a410.jpg",
        "soft_deleted": "0"
    },
    {
        "id": "49",
        "name": "Passel",
        "size": "Large",
        "options": null,
        "price": "174.64",
        "brand": "Ralware",
        "brand_link": "https://ralware.com",
        "scheduled_date": "0000-00-00",
        "date_created": "2024-11-03 23:33:26",
        "link": "https://ralware.com/?product=passel-toy-preorder",
        "preview_link": "https://ralware.com/wp-content/uploads/2022/04/firefox_30qPfflIMo.png",
        "soft_deleted": "0"
    },
    {
        "id": "50",
        "name": "Ralek",
        "size": "Medium",
        "options": null,
        "price": "119.48",
        "brand": "Ralware",
        "brand_link": "https://ralware.com",
        "scheduled_date": "0000-00-00",
        "date_created": "2024-11-03 23:42:31",
        "link": "https://ralware.com/?product=ralek",
        "preview_link": "https://ralware.com/wp-content/uploads/2022/10/Main_V2.png",
        "soft_deleted": "0"
    },
    {
        "id": "51",
        "name": "Ralek",
        "size": "XXL",
        "options": null,
        "price": "505.62",
        "brand": "Ralware",
        "brand_link": "https://ralware.com",
        "scheduled_date": "0000-00-00",
        "date_created": "2024-11-03 23:43:58",
        "link": "https://ralware.com/?product=ralek",
        "preview_link": "https://ralware.com/wp-content/uploads/2022/10/Main_V2.png",
        "soft_deleted": "0"
    },
    {
        "id": "52",
        "name": "Turquoise",
        "size": "XL",
        "options": null,
        "price": "211.42",
        "brand": "Ralware",
        "brand_link": "https://ralware.com",
        "scheduled_date": "0000-00-00",
        "date_created": "2024-11-04 00:00:57",
        "link": "https://ralware.com/?product=turquoise",
        "preview_link": "https://ralware.com/wp-content/uploads/2024/08/TurqMainRender.png",
        "soft_deleted": "0"
    },
    {
        "id": "53",
        "name": "Zane Butt",
        "size": "One Size",
        "options": null,
        "price": "101.95",
        "brand": "Twin Tail Creations",
        "brand_link": "https://twintailcreations.com",
        "scheduled_date": "0000-00-00",
        "date_created": "2024-11-04 00:09:19",
        "link": "https://twintailcreations.com/products/zane-butt",
        "preview_link": "https://twintailcreations.com/cdn/shop/files/DSC_0005_c413d9b6-3e1e-4519-b864-de7d81d67068.jpg",
        "soft_deleted": "0"
    },
    {
        "id": "54",
        "name": "Yao the Frisky Shark",
        "size": "L",
        "options": null,
        "price": "159.45",
        "brand": "Naughty Fox",
        "brand_link": "https://naughty-fox.com/",
        "scheduled_date": "0000-00-00",
        "date_created": "2024-11-04 11:37:18",
        "link": "https://naughty-fox.com/products/yao",
        "preview_link": "https://naughty-fox.com/cdn/shop/files/1_f706ffe3-35c1-40c2-bd06-0d417b63f772.jpg",
        "soft_deleted": "0"
    },
    {
        "id": "55",
        "name": "Talon",
        "size": "XL",
        "options": null,
        "price": "204.95",
        "brand": "Twin Tail Creations",
        "brand_link": "https://twintailcreations.com",
        "scheduled_date": "0000-00-00",
        "date_created": "2024-11-05 21:52:11",
        "link": "https://twintailcreations.com/products/talon",
        "preview_link": "https://twintailcreations.com/cdn/shop/files/TalonAngularViewTextNaturalColoration4800x3200.png",
        "soft_deleted": "0"
    },
    {
        "id": "56",
        "name": "Slikk the Tentacle",
        "size": "XL",
        "options": null,
        "price": "184.95",
        "brand": "Twin Tail Creations",
        "brand_link": "https://twintailcreations.com",
        "scheduled_date": "0000-00-00",
        "date_created": "2024-11-05 23:59:48",
        "link": "https://twintailcreations.com/products/slikk-the-tentacle",
        "preview_link": "https://twintailcreations.com/cdn/shop/products/Slikk_Light_Natural_HD_Black_Edge.jpg",
        "soft_deleted": "0"
    },
    {
        "id": "57",
        "name": "Mocha the Dragon",
        "size": "XL",
        "options": null,
        "price": "207.95",
        "brand": "Twin Tail Creations",
        "brand_link": "https://twintailcreations.com",
        "scheduled_date": "0000-00-00",
        "date_created": "2024-11-06 19:14:36",
        "link": "https://twintailcreations.com/products/mocha-the-dragon",
        "preview_link": "http://twintailcreations.com/cdn/shop/files/DSC_0001_dd0b8747-0497-4385-a725-9cc4857cee4a.jpg",
        "soft_deleted": "0"
    },
    {
        "id": "58",
        "name": "Dante the Anubite",
        "size": "XL",
        "options": null,
        "price": "197.95",
        "brand": "Twin Tail Creations",
        "brand_link": "https://twintailcreations.com",
        "scheduled_date": "0000-00-00",
        "date_created": "2024-11-06 19:29:27",
        "link": "https://twintailcreations.com/products/dante-the-anubite",
        "preview_link": "http://twintailcreations.com/cdn/shop/products/Dante_Inferno_Laying_1920p_Dark_BG.jpg",
        "soft_deleted": "0"
    },
    {
        "id": "60",
        "name": "Talwar",
        "size": "Huge",
        "options": null,
        "price": "194.39",
        "brand": "Ambush Toys",
        "brand_link": "https://ambushtoys.com",
        "scheduled_date": "0000-00-00",
        "date_created": "2024-11-06 20:12:06",
        "link": "https://ambushtoys.com/collections/all-dildos/products/talwar",
        "preview_link": "https://ambushtoys.com/cdn/shop/products/ToyTalwar1_6cee00cd-d40c-4075-ad22-e716b355c615_1200x1200.jpg",
        "soft_deleted": "0"
    },
    {
        "id": "61",
        "name": "Deimos",
        "size": "Huge",
        "options": null,
        "price": "203.69",
        "brand": "Ambush Toys",
        "brand_link": "https://ambushtoys.com",
        "scheduled_date": "0000-00-00",
        "date_created": "2024-11-06 21:40:59",
        "link": "https://ambushtoys.com/collections/all-dildos/products/deimos",
        "preview_link": "http://ambushtoys.com/cdn/shop/products/DeimosDildo1_1200x1200.jpg",
        "soft_deleted": "0"
    },
    {
        "id": "62",
        "name": "Zweihander Wearable",
        "size": "Medium - 5\"",
        "options": null,
        "price": "92.08",
        "brand": "Ambush Toys",
        "brand_link": "https://ambushtoys.com",
        "scheduled_date": "0000-00-00",
        "date_created": "2024-11-06 21:57:11",
        "link": "https://ambushtoys.com/collections/all-wearables/products/zweihander-w",
        "preview_link": "http://ambushtoys.com/cdn/shop/products/zwei_w_1_f37f17d1-6749-4b04-85ac-cc2341afa64d_1200x1200.jpg",
        "soft_deleted": "0"
    },
    {
        "id": "63",
        "name": "Zweihander Wearable",
        "size": "Large - 5.5\"",
        "options": null,
        "price": "92.08",
        "brand": "Ambush Toys",
        "brand_link": "https://ambushtoys.com",
        "scheduled_date": "0000-00-00",
        "date_created": "2024-11-06 21:59:36",
        "link": "https://ambushtoys.com/collections/all-wearables/products/zweihander-w",
        "preview_link": "http://ambushtoys.com/cdn/shop/products/zwei_w_1_f37f17d1-6749-4b04-85ac-cc2341afa64d_1200x1200.jpg",
        "soft_deleted": "0"
    },
    {
        "id": "64",
        "name": "Kaleb",
        "size": "XL",
        "options": null,
        "price": "208.95",
        "brand": "Twin Tail Creations",
        "brand_link": "https://twintailcreations.com",
        "scheduled_date": "0000-00-00",
        "date_created": "2024-11-06 22:07:54",
        "link": "https://twintailcreations.com/products/kaleb",
        "preview_link": "http://twintailcreations.com/cdn/shop/files/TTC-Kaleb-1-View.png",
        "soft_deleted": "0"
    },
    {
        "id": "65",
        "name": "Jake the Stout Werewolf",
        "size": "XL",
        "options": null,
        "price": "112.95",
        "brand": "Twin Tail Creations",
        "brand_link": "https://twintailcreations.com",
        "scheduled_date": "0000-00-00",
        "date_created": "2024-11-06 22:10:06",
        "link": "https://twintailcreations.com/products/jake-the-stout-werewolf",
        "preview_link": "http://twintailcreations.com/cdn/shop/products/06-Jake-Smaller.jpg",
        "soft_deleted": "0"
    },
    {
        "id": "66",
        "name": "Ian",
        "size": "XL",
        "options": null,
        "price": "189.95",
        "brand": "Twin Tail Creations",
        "brand_link": "https://twintailcreations.com",
        "scheduled_date": "0000-00-00",
        "date_created": "2024-11-06 22:13:02",
        "link": "https://twintailcreations.com/products/ian",
        "preview_link": "http://twintailcreations.com/cdn/shop/files/Ian-2.jpg",
        "soft_deleted": "0"
    },
    {
        "id": "67",
        "name": "Hidora",
        "size": "XL",
        "options": null,
        "price": "207.95",
        "brand": "Twin Tail Creations",
        "brand_link": "https://twintailcreations.com",
        "scheduled_date": "0000-00-00",
        "date_created": "2024-11-06 22:15:11",
        "link": "https://twintailcreations.com/products/hidora",
        "preview_link": "http://twintailcreations.com/cdn/shop/products/Medium_Hidora_in_Soft_-_SC.jpg",
        "soft_deleted": "0"
    },
    {
        "id": "68",
        "name": "Cyrus",
        "size": "XL",
        "options": null,
        "price": "208.95",
        "brand": "Twin Tail Creations",
        "brand_link": "https://twintailcreations.com",
        "scheduled_date": "0000-00-00",
        "date_created": "2024-11-06 22:17:05",
        "link": "https://twintailcreations.com/products/cyrus-v2",
        "preview_link": "http://twintailcreations.com/cdn/shop/files/11263_6fbc71e8-0eee-4777-bd38-9dfe2d58b91d.jpg",
        "soft_deleted": "0"
    },
    {
        "id": "69",
        "name": "Croxic",
        "size": "XL",
        "options": null,
        "price": "211.95",
        "brand": "Twin Tail Creations",
        "brand_link": "https://twintailcreations.com",
        "scheduled_date": "0000-00-00",
        "date_created": "2024-11-06 22:19:24",
        "link": "https://twintailcreations.com/products/croxic",
        "preview_link": "http://twintailcreations.com/cdn/shop/products/CroxicZillaColoration.jpg",
        "soft_deleted": "0"
    },
    {
        "id": "70",
        "name": "Cortez the Anthro Avian",
        "size": "XL",
        "options": null,
        "price": "192.95",
        "brand": "Twin Tail Creations",
        "brand_link": "https://twintailcreations.com",
        "scheduled_date": "0000-00-00",
        "date_created": "2024-11-06 22:21:18",
        "link": "https://twintailcreations.com/products/cortez-the-anthro-avian",
        "preview_link": "http://twintailcreations.com/cdn/shop/products/Cortez_XL_laying_HD_Dark_BG.jpg",
        "soft_deleted": "0"
    },
    {
        "id": "71",
        "name": "Huge Black Animal Horse Dildo Sex Toy",
        "size": "Large",
        "options": null,
        "price": "117.18",
        "brand": "Weadultshop",
        "brand_link": "https://www.weadultshop.com/",
        "scheduled_date": "0000-00-00",
        "date_created": "2024-11-06 22:29:44",
        "link": "https://www.weadultshop.com/products/10-04in-11-41in-13-38in-huge-black-animal-horse-dildo-sex-toy",
        "preview_link": "https://www.weadultshop.com/cdn/shop/files/blackhorsedildo_13_1024x.jpg",
        "soft_deleted": "0"
    },
    {
        "id": "72",
        "name": "Realistic Long Large Thick Horse Dildo For Couple Sex",
        "size": "17.32\"",
        "options": null,
        "price": "54.87",
        "brand": "Weadultshop",
        "brand_link": "https://www.weadultshop.com/",
        "scheduled_date": "0000-00-00",
        "date_created": "2024-11-06 22:33:21",
        "link": "https://www.weadultshop.com/products/17-32in-realistic-long-large-thick-horse-dildo-for-couple-sex",
        "preview_link": "https://www.weadultshop.com/cdn/shop/products/longhorsedildo_2_1024x.webp",
        "soft_deleted": "0"
    },
    {
        "id": "73",
        "name": "Pepper",
        "size": "XL",
        "options": null,
        "price": "114.95",
        "brand": "Naughty Fox",
        "brand_link": "https://naughty-fox.com/",
        "scheduled_date": "0000-00-00",
        "date_created": "2024-11-06 22:45:59",
        "link": "https://naughty-fox.com/products/pepper",
        "preview_link": "https://naughty-fox.com/cdn/shop/files/1_ab5f7139-3b5d-44b2-a813-d1741bf84851.jpg",
        "soft_deleted": "0"
    },
    {
        "id": "74",
        "name": "Tatsu the Spiky Dragon",
        "size": "L",
        "options": null,
        "price": "144.95",
        "brand": "Naughty Fox",
        "brand_link": "https://naughty-fox.com/",
        "scheduled_date": "0000-00-00",
        "date_created": "2024-11-06 22:49:36",
        "link": "https://naughty-fox.com/products/tatsu",
        "preview_link": "https://naughty-fox.com/cdn/shop/files/1_eefedbd9-98c1-4f0e-9765-04086e44c557.jpg",
        "soft_deleted": "0"
    },
    {
        "id": "75",
        "name": "Aero the Ice Dragon",
        "size": "XXL",
        "options": null,
        "price": "131.45",
        "brand": "Naughty Fox",
        "brand_link": "https://naughty-fox.com/",
        "scheduled_date": "0000-00-00",
        "date_created": "2024-11-06 22:53:44",
        "link": "https://naughty-fox.com/products/aero",
        "preview_link": "https://naughty-fox.com/cdn/shop/files/2_33bac9b4-a6a0-49d2-bb62-ef867a31f63a.jpg",
        "soft_deleted": "0"
    },
    {
        "id": "76",
        "name": "Santos the Dressage Horse",
        "size": "XL",
        "options": null,
        "price": "225.95",
        "brand": "Naughty Fox",
        "brand_link": "https://naughty-fox.com/",
        "scheduled_date": "0000-00-00",
        "date_created": "2024-11-06 22:56:24",
        "link": "https://naughty-fox.com/products/santos",
        "preview_link": "https://naughty-fox.com/cdn/shop/files/1_58bb45a9-89ae-4e52-9b28-8b4f08cf6e97.jpg",
        "soft_deleted": "0"
    },
    {
        "id": "77",
        "name": "Rocket™ the Anthro Wolf",
        "size": "XL",
        "options": null,
        "price": "162.95",
        "brand": "Naughty Fox",
        "brand_link": "https://naughty-fox.com/",
        "scheduled_date": "0000-00-00",
        "date_created": "2024-11-06 22:58:32",
        "link": "https://naughty-fox.com/products/rocket",
        "preview_link": "https://naughty-fox.com/cdn/shop/files/1_c758aed4-42d6-4258-aa5f-3a834f7f751b.jpg",
        "soft_deleted": "0"
    },
    {
        "id": "78",
        "name": "Chopper",
        "size": "XXXL",
        "options": null,
        "price": "123.95",
        "brand": "Naughty Fox",
        "brand_link": "https://naughty-fox.com/",
        "scheduled_date": "0000-00-00",
        "date_created": "2024-11-06 23:00:29",
        "link": "https://naughty-fox.com/products/chopper",
        "preview_link": "https://naughty-fox.com/cdn/shop/files/1_0d57a91e-f59f-489c-9460-097857d36023.jpg",
        "soft_deleted": "0"
    },
    {
        "id": "79",
        "name": "Velox the Good Boy",
        "size": "One size",
        "options": null,
        "price": "124.49",
        "brand": "Naughty Fox",
        "brand_link": "https://naughty-fox.com/",
        "scheduled_date": "0000-00-00",
        "date_created": "2024-11-06 23:02:00",
        "link": "https://naughty-fox.com/products/velox",
        "preview_link": "https://naughty-fox.com/cdn/shop/files/2_44c2be23-8313-4c26-9dca-97be3360aa87.jpg",
        "soft_deleted": "0"
    },
    {
        "id": "80",
        "name": "Silver the Naughty Sergal",
        "size": "One size",
        "options": null,
        "price": "109.49",
        "brand": "Naughty Fox",
        "brand_link": "https://naughty-fox.com/",
        "scheduled_date": "0000-00-00",
        "date_created": "2024-11-06 23:03:37",
        "link": "https://naughty-fox.com/products/silver",
        "preview_link": "https://naughty-fox.com/cdn/shop/files/3_cc61803d-c457-4fd6-a189-80a195e570a6.jpg",
        "soft_deleted": "0"
    },
    {
        "id": "81",
        "name": "Magnat the Flame Dragon",
        "size": "One size",
        "options": null,
        "price": "124.49",
        "brand": "Naughty Fox",
        "brand_link": "https://naughty-fox.com/",
        "scheduled_date": "0000-00-00",
        "date_created": "2024-11-06 23:04:52",
        "link": "https://naughty-fox.com/products/magnat",
        "preview_link": "https://naughty-fox.com/cdn/shop/files/2_46f1d8cc-d756-42cb-9c8d-3df1dad7de93.jpg",
        "soft_deleted": "0"
    },
    {
        "id": "82",
        "name": "Tauriy the Feral Dragon",
        "size": "Large",
        "options": "Color: Signature with gradient",
        "price": "111.16",
        "brand": "Drake's Shop",
        "brand_link": "https://drakeshop.net/en",
        "scheduled_date": "0000-00-00",
        "date_created": "2024-11-06 23:36:07",
        "link": "https://drakeshop.net/en/product/tauriy",
        "preview_link": "https://drakeshop.net/static/img/u/gm/13B3YDNw1VYJb2sOQqYL6ySd1mogz1qYgWsDgCxt.png",
        "soft_deleted": "0"
    },
    {
        "id": "83",
        "name": "Drake the Feral Dragon",
        "size": "Large",
        "options": "Color: Signature with gradient",
        "price": "111.16",
        "brand": "Drake's Shop",
        "brand_link": "https://drakeshop.net/en",
        "scheduled_date": "0000-00-00",
        "date_created": "2024-11-07 12:28:59",
        "link": "https://drakeshop.net/en/product/drake",
        "preview_link": "https://drakeshop.net/static/img/u/gm/LSwu53L91MJkLDewt3J6R1uAWPecgl1LYpL2rNxJ.png",
        "soft_deleted": "0"
    },
    {
        "id": "84",
        "name": "Raven the Anthro Lizard",
        "size": "Large",
        "options": "Color: Signature with gradient",
        "price": "111.16",
        "brand": "Drake's Shop",
        "brand_link": "https://drakeshop.net/en",
        "scheduled_date": "0000-00-00",
        "date_created": "2024-11-07 12:31:27",
        "link": "https://drakeshop.net/en/product/raven",
        "preview_link": "https://drakeshop.net/static/img/u/gm/VmxasRcdS4OxwyjIyvKs9k4fg8hkNLndl1dIjgcz.png",
        "soft_deleted": "0"
    },
    {
        "id": "85",
        "name": "Shidzheru the Sergal",
        "size": "Large",
        "options": "Color: Signature with gradient",
        "price": "111.16",
        "brand": "Drake's Shop",
        "brand_link": "https://drakeshop.net/en",
        "scheduled_date": "0000-00-00",
        "date_created": "2024-11-07 20:00:38",
        "link": "https://drakeshop.net/en/product/shidzheru",
        "preview_link": "https://drakeshop.net/static/img/u/gm/HrgJXmpgYjVM3tEefwWuv9bf7vINS1ZkvpwRaAW0.png",
        "soft_deleted": "0"
    },
    {
        "id": "86",
        "name": "Brooks the Anthro Lizard",
        "size": "One size",
        "options": "Color: Signature with gradient",
        "price": "73.16",
        "brand": "Drake's Shop",
        "brand_link": "https://drakeshop.net/en",
        "scheduled_date": "0000-00-00",
        "date_created": "2024-11-07 20:04:24",
        "link": "https://drakeshop.net/en/product/brooks",
        "preview_link": "https://drakeshop.net/static/img/u/gm/efMhlWAZkNRsaHHx5RNJxCzXJ3reGWeXr55vZ6wo.png",
        "soft_deleted": "0"
    },
    {
        "id": "87",
        "name": "Terryv the Raptor",
        "size": "XXL",
        "options": "Color: Signature with gradient",
        "price": "187.18",
        "brand": "Drake's Shop",
        "brand_link": "https://drakeshop.net/en",
        "scheduled_date": "0000-00-00",
        "date_created": "2024-11-07 20:07:22",
        "link": "https://drakeshop.net/en/product/terryv",
        "preview_link": "https://drakeshop.net/static/img/u/gm/LYNZWMNmroUBUHdkWCh2I3wotuq3yiY2CnRpniAN.png",
        "soft_deleted": "0"
    },
    {
        "id": "88",
        "name": "Orian the Orca",
        "size": "XXL",
        "options": "Color:\nTop: #d65660\nBottom: #d47790\nBase: #dac1b4\nWith gradient",
        "price": "187.18",
        "brand": "Drake's Shop",
        "brand_link": "https://drakeshop.net/en",
        "scheduled_date": "0000-00-00",
        "date_created": "2024-11-07 20:12:42",
        "link": "https://drakeshop.net/en/product/orian",
        "preview_link": "https://drakeshop.net/static/img/u/gm/fCCOQobrstjOtRM0yLUcRPtK8KKOfAMCFSZbmZCh_.png",
        "soft_deleted": "0"
    },
    {
        "id": "89",
        "name": "Zeto the Wasp",
        "size": "XL",
        "options": "Color: Signature with gradient",
        "price": "139.67",
        "brand": "Drake's Shop",
        "brand_link": "https://drakeshop.net/en",
        "scheduled_date": "0000-00-00",
        "date_created": "2024-11-07 21:49:39",
        "link": "https://drakeshop.net/en/product/zeto",
        "preview_link": "https://drakeshop.net/static/img/u/gm/gAdyeN93wkRSSajfDVoWPHny8mLq8UslF6YXFrOs.png",
        "soft_deleted": "0"
    },
    {
        "id": "90",
        "name": "Connor the Anthro Horse",
        "size": "XXL",
        "options": "Color: Signature with gradient",
        "price": "187.18",
        "brand": "Drake's Shop",
        "brand_link": "https://drakeshop.net/en",
        "scheduled_date": "0000-00-00",
        "date_created": "2024-11-07 21:52:28",
        "link": "https://drakeshop.net/en/product/connor",
        "preview_link": "https://drakeshop.net/static/img/u/gm/OyoHalw8jMgUZV45sxSjHscoPTy7SINL3ssFkucb.png",
        "soft_deleted": "0"
    },
    {
        "id": "91",
        "name": "Argus the Lizard",
        "size": "XXL",
        "options": "Color: Signature with gradient",
        "price": "187.18",
        "brand": "Drake's Shop",
        "brand_link": "https://drakeshop.net/en",
        "scheduled_date": "0000-00-00",
        "date_created": "2024-11-07 23:49:54",
        "link": "https://drakeshop.net/en/product/argus",
        "preview_link": "https://drakeshop.net/static/img/u/gm/YAsKgY9zyRXHGUqon0dC5jVbHq0h03XRruE81GUj.png",
        "soft_deleted": "0"
    },
    {
        "id": "92",
        "name": "Gray the Bad Wolf",
        "size": "XL",
        "options": "Color: Signature with gradient",
        "price": "139.67",
        "brand": "Drake's Shop",
        "brand_link": "https://drakeshop.net/en",
        "scheduled_date": "0000-00-00",
        "date_created": "2024-11-07 23:54:08",
        "link": "https://drakeshop.net/en/product/gray",
        "preview_link": "https://drakeshop.net/static/img/u/gm/1bcWrQtlmjNgjVCpqEccTim6SzBr9qJhKCDQdMSD.png",
        "soft_deleted": "0"
    },
    {
        "id": "93",
        "name": "Gray the Bad Wolf",
        "size": "XXL",
        "options": "Color: Signature with gradient",
        "price": "187.18",
        "brand": "Drake's Shop",
        "brand_link": "https://drakeshop.net/en",
        "scheduled_date": "0000-00-00",
        "date_created": "2024-11-07 23:54:59",
        "link": "https://drakeshop.net/en/product/gray",
        "preview_link": "https://drakeshop.net/static/img/u/gm/1bcWrQtlmjNgjVCpqEccTim6SzBr9qJhKCDQdMSD.png",
        "soft_deleted": "0"
    },
    {
        "id": "94",
        "name": "Marr the Armorbeast",
        "size": "Large",
        "options": "Color: Signature with gradient",
        "price": "111.16",
        "brand": "Drake's Shop",
        "brand_link": "https://drakeshop.net/en",
        "scheduled_date": "0000-00-00",
        "date_created": "2024-11-07 23:56:57",
        "link": "https://drakeshop.net/en/product/marr",
        "preview_link": "https://drakeshop.net/static/img/u/gm/yIVDx7Ys3MRYSbe0ZCnHx1gUk1XJwkWxpex8t2dm.png",
        "soft_deleted": "0"
    },
    {
        "id": "95",
        "name": "Remgore",
        "size": "XL",
        "options": "Color: Signature with gradient",
        "price": "139.67",
        "brand": "Drake's Shop",
        "brand_link": "https://drakeshop.net/en",
        "scheduled_date": "0000-00-00",
        "date_created": "2024-11-08 00:01:16",
        "link": "https://drakeshop.net/en/product/remgore",
        "preview_link": "https://drakeshop.net/static/img/u/gm/olyOHK8pi3mpZsbjqxlY9vxraxDgLlPNJVBZUbqi.png",
        "soft_deleted": "0"
    },
    {
        "id": "96",
        "name": "Remgore",
        "size": "XXL",
        "options": "Color: Signature with gradient",
        "price": "187.18",
        "brand": "Drake's Shop",
        "brand_link": "https://drakeshop.net/en",
        "scheduled_date": "0000-00-00",
        "date_created": "2024-11-08 00:02:04",
        "link": "https://drakeshop.net/en/product/remgore",
        "preview_link": "https://drakeshop.net/static/img/u/gm/olyOHK8pi3mpZsbjqxlY9vxraxDgLlPNJVBZUbqi.png",
        "soft_deleted": "0"
    },
    {
        "id": "97",
        "name": "Tony",
        "size": "One size",
        "options": "Color: Signature with gradient",
        "price": "73.16",
        "brand": "Drake's Shop",
        "brand_link": "https://drakeshop.net/en",
        "scheduled_date": "0000-00-00",
        "date_created": "2024-11-08 00:06:41",
        "link": "https://drakeshop.net/en/product/tony",
        "preview_link": "https://drakeshop.net/static/img/u/gm/9fU80qkhYYCIG4SMAYX3y08AYuIzCbJeAqT1xLhq.png",
        "soft_deleted": "0"
    },
    {
        "id": "98",
        "name": "Qwim the Conjurer",
        "size": "Large",
        "options": null,
        "price": "129.95",
        "brand": "Neotori",
        "brand_link": "https://neotori.com/",
        "scheduled_date": "0000-00-00",
        "date_created": "2024-11-08 00:17:10",
        "link": "https://neotori.com/product/qwim-the-conjurer/",
        "preview_link": "https://neotori.com/wp-content/uploads/2021/11/Qwim_thumbnail-2000x2000.jpg",
        "soft_deleted": "0"
    },
    {
        "id": "99",
        "name": "Silver Mare",
        "size": "Large",
        "options": null,
        "price": "151.95",
        "brand": "Hodge Podge Entourage",
        "brand_link": "https://hodge-podge-entourage.com/",
        "scheduled_date": "0000-00-00",
        "date_created": "2024-11-08 19:23:42",
        "link": "https://hodge-podge-entourage.com/products/the-silver-mare",
        "preview_link": "https://hodge-podge-entourage.com/cdn/shop/files/SilverMare1_1024x1024.png",
        "soft_deleted": "0"
    },
    {
        "id": "100",
        "name": "Scylla",
        "size": "Large",
        "options": null,
        "price": "207.95",
        "brand": "Hodge Podge Entourage",
        "brand_link": "https://hodge-podge-entourage.com/",
        "scheduled_date": "0000-00-00",
        "date_created": "2024-11-08 19:36:39",
        "link": "https://hodge-podge-entourage.com/products/scylla",
        "preview_link": "https://hodge-podge-entourage.com/cdn/shop/files/Scylla1_1024x1024.png",
        "soft_deleted": "0"
    },
    {
        "id": "101",
        "name": "Meigui",
        "size": "Medium",
        "options": null,
        "price": "179.95",
        "brand": "Hodge Podge Entourage",
        "brand_link": "https://hodge-podge-entourage.com/",
        "scheduled_date": "0000-00-00",
        "date_created": "2024-11-08 19:46:59",
        "link": "https://hodge-podge-entourage.com/products/meigui",
        "preview_link": "https://hodge-podge-entourage.com/cdn/shop/files/Meigui1a_1024x1024.png",
        "soft_deleted": "0"
    },
    {
        "id": "102",
        "name": "Khepri",
        "size": "Large",
        "options": null,
        "price": "160.95",
        "brand": "Hodge Podge Entourage",
        "brand_link": "https://hodge-podge-entourage.com/",
        "scheduled_date": "0000-00-00",
        "date_created": "2024-11-08 19:52:27",
        "link": "https://hodge-podge-entourage.com/products/khepri",
        "preview_link": "https://hodge-podge-entourage.com/cdn/shop/files/Khepri1_1024x1024.png",
        "soft_deleted": "0"
    },
    {
        "id": "103",
        "name": "Kappa",
        "size": "Small",
        "options": null,
        "price": "0",
        "brand": "Hodge Podge Entourage",
        "brand_link": "https://hodge-podge-entourage.com/",
        "scheduled_date": "0000-00-00",
        "date_created": "2024-11-08 19:56:36",
        "link": "https://hodge-podge-entourage.com/products/kappa",
        "preview_link": "https://hodge-podge-entourage.com/cdn/shop/files/Kappa1_1024x1024.png",
        "soft_deleted": "0"
    },
    {
        "id": "104",
        "name": "Kappa",
        "size": "Large",
        "options": null,
        "price": "0",
        "brand": "Hodge Podge Entourage",
        "brand_link": "https://hodge-podge-entourage.com/",
        "scheduled_date": "0000-00-00",
        "date_created": "2024-11-08 19:57:00",
        "link": "https://hodge-podge-entourage.com/products/kappa",
        "preview_link": "https://hodge-podge-entourage.com/cdn/shop/files/Kappa1_1024x1024.png",
        "soft_deleted": "0"
    },
    {
        "id": "105",
        "name": "Rexxx",
        "size": "XL",
        "options": "Color: Signature",
        "price": "199.95",
        "brand": "All Night Toys",
        "brand_link": "https://allnight.toys/",
        "scheduled_date": "0000-00-00",
        "date_created": "2024-11-08 20:04:08",
        "link": "https://allnight.toys/products/rexxx",
        "preview_link": "https://allnight.toys/cdn/shop/products/Small-Rexxx-SoftFirmness-NaturalColoration-1.jpg",
        "soft_deleted": "0"
    },
    {
        "id": "106",
        "name": "Rexxx",
        "size": "XXXL",
        "options": "Color: Signature",
        "price": "312.95",
        "brand": "All Night Toys",
        "brand_link": "https://allnight.toys/",
        "scheduled_date": "0000-00-00",
        "date_created": "2024-11-08 20:05:56",
        "link": "https://allnight.toys/products/rexxx",
        "preview_link": "https://allnight.toys/cdn/shop/products/Small-Rexxx-SoftFirmness-NaturalColoration-1.jpg",
        "soft_deleted": "0"
    },
    {
        "id": "107",
        "name": "Vein",
        "size": "XL",
        "options": "Color: Signature",
        "price": "180.95",
        "brand": "All Night Toys",
        "brand_link": "https://allnight.toys/",
        "scheduled_date": "0000-00-00",
        "date_created": "2024-11-08 20:12:15",
        "link": "https://allnight.toys/products/vein",
        "preview_link": "https://allnight.toys/cdn/shop/products/Small-Vein-NaturalColorations-SoftFirmness-1.jpg",
        "soft_deleted": "0"
    },
    {
        "id": "108",
        "name": "Vein",
        "size": "Legendary",
        "options": "Color: Signature",
        "price": "383.95",
        "brand": "All Night Toys",
        "brand_link": "https://allnight.toys/",
        "scheduled_date": "0000-00-00",
        "date_created": "2024-11-08 20:13:06",
        "link": "https://allnight.toys/products/vein",
        "preview_link": "https://allnight.toys/cdn/shop/products/Small-Vein-NaturalColorations-SoftFirmness-1.jpg",
        "soft_deleted": "0"
    },
    {
        "id": "109",
        "name": "Trotter",
        "size": "XL",
        "options": "Color: Signature",
        "price": "135.95",
        "brand": "All Night Toys",
        "brand_link": "https://allnight.toys/",
        "scheduled_date": "0000-00-00",
        "date_created": "2024-11-08 20:14:46",
        "link": "https://allnight.toys/products/trotter",
        "preview_link": "https://allnight.toys/cdn/shop/products/Small-Trotter-NaturalColoration-SoftFirmness-1.jpg",
        "soft_deleted": "0"
    },
    {
        "id": "110",
        "name": "Trotter",
        "size": "Legendary",
        "options": "Color: Signature",
        "price": "280.95",
        "brand": "All Night Toys",
        "brand_link": "https://allnight.toys/",
        "scheduled_date": "0000-00-00",
        "date_created": "2024-11-08 20:15:21",
        "link": "https://allnight.toys/products/trotter",
        "preview_link": "https://allnight.toys/cdn/shop/products/Small-Trotter-NaturalColoration-SoftFirmness-1.jpg",
        "soft_deleted": "0"
    },
    {
        "id": "111",
        "name": "Phantasos",
        "size": "XXL",
        "options": "Color: Signature",
        "price": "251.95",
        "brand": "All Night Toys",
        "brand_link": "https://allnight.toys/",
        "scheduled_date": "0000-00-00",
        "date_created": "2024-11-08 20:18:07",
        "link": "https://allnight.toys/products/phantasos",
        "preview_link": "https://allnight.toys/cdn/shop/files/SmallPhantasos-NaturalColoration-1.jpg",
        "soft_deleted": "0"
    },
    {
        "id": "112",
        "name": "Phantasos",
        "size": "XXXL",
        "options": "Color: Signature",
        "price": "303.95",
        "brand": "All Night Toys",
        "brand_link": "https://allnight.toys/",
        "scheduled_date": "0000-00-00",
        "date_created": "2024-11-08 20:18:40",
        "link": "https://allnight.toys/products/phantasos",
        "preview_link": "https://allnight.toys/cdn/shop/files/SmallPhantasos-NaturalColoration-1.jpg",
        "soft_deleted": "0"
    },
    {
        "id": "113",
        "name": "The Serpent",
        "size": "18\"",
        "options": "Color: Demon Blood (Ombre)",
        "price": "119.95",
        "brand": "Twisted Beast",
        "brand_link": "https://www.twistedbeaststore.eu/fr",
        "scheduled_date": "0000-00-00",
        "date_created": "2024-11-10 18:50:27",
        "link": "https://www.twistedbeaststore.eu/products/the-serpent-snake-dildo",
        "preview_link": "https://www.twistedbeaststore.eu/cdn/shop/files/Snake-Dildo_1200x1200.jpg",
        "soft_deleted": "0"
    },
    {
        "id": "114",
        "name": "Opaleye",
        "size": "XXL",
        "options": "Color: Noble White Gold",
        "price": "151.56",
        "brand": "Nothosaur",
        "brand_link": "https://nothosaur.com/",
        "scheduled_date": "2024-11-29",
        "date_created": "2024-11-10 19:26:14",
        "link": "https://nothosaur.com/products/nothosaur-opaleye",
        "preview_link": "https://nothosaur.com/cdn/shop/files/3_5ca56848-684d-467e-b3b3-3efdb86f6e34.jpg",
        "soft_deleted": "0"
    },
    {
        "id": "115",
        "name": "Qalu",
        "size": "XL",
        "options": "Color: Glacier Dark Blue (UV GITD)",
        "price": "170.5",
        "brand": "Nothosaur",
        "brand_link": "https://nothosaur.com/",
        "scheduled_date": "2024-11-29",
        "date_created": "2024-11-10 19:33:10",
        "link": "https://nothosaur.com/collections/dildos/products/qalu",
        "preview_link": "https://nothosaur.com/cdn/shop/files/2_f6b9a0a2-7d1f-4624-a419-703fcfba7ef4.jpg",
        "soft_deleted": "0"
    },
    {
        "id": "116",
        "name": "Alla",
        "size": "L",
        "options": "Color: Heat",
        "price": "167.91",
        "brand": "Nothosaur",
        "brand_link": "https://nothosaur.com/",
        "scheduled_date": "0000-00-00",
        "date_created": "2024-11-10 19:39:02",
        "link": "https://nothosaur.com/collections/dildos/products/alla",
        "preview_link": "https://nothosaur.com/cdn/shop/products/8_007b6bfb-3d99-423f-a0b2-c52b5eeb617e.jpg",
        "soft_deleted": "0"
    },
    {
        "id": "117",
        "name": "Alla",
        "size": "XL (Legendary)",
        "options": "Color: Heat",
        "price": "354.49",
        "brand": "Nothosaur",
        "brand_link": "https://nothosaur.com/",
        "scheduled_date": "0000-00-00",
        "date_created": "2024-11-10 19:39:58",
        "link": "https://nothosaur.com/collections/dildos/products/alla",
        "preview_link": "https://nothosaur.com/cdn/shop/products/8_007b6bfb-3d99-423f-a0b2-c52b5eeb617e.jpg",
        "soft_deleted": "0"
    },
    {
        "id": "118",
        "name": "Faxi",
        "size": "XL",
        "options": "Color: Winter",
        "price": "167.91",
        "brand": "Nothosaur",
        "brand_link": "https://nothosaur.com/",
        "scheduled_date": "0000-00-00",
        "date_created": "2024-11-10 19:46:45",
        "link": "https://nothosaur.com/collections/dildos/products/faxi",
        "preview_link": "https://nothosaur.com/cdn/shop/files/nothosaur-Ranger-fantasy-animal-horsedildo-dragon-toysmonster-sextoy-adult-dildo_3.jpg",
        "soft_deleted": "0"
    },
    {
        "id": "119",
        "name": "Avoyo",
        "size": "L",
        "options": "Color: Classic Red Black",
        "price": "261.2",
        "brand": "Nothosaur",
        "brand_link": "https://nothosaur.com/",
        "scheduled_date": "0000-00-00",
        "date_created": "2024-11-10 19:52:12",
        "link": "https://nothosaur.com/collections/dildos/products/nothosaur-avoyo",
        "preview_link": "https://nothosaur.com/cdn/shop/files/Nothosaur-AVOYO-Fantasy-Dildo-Horse-Dildo-Huge-Anal-Toys-For-Adults.jpg",
        "soft_deleted": "0"
    },
    {
        "id": "120",
        "name": "Necrons",
        "size": "XXL",
        "options": "Color: Rust Red",
        "price": "270.53",
        "brand": "Nothosaur",
        "brand_link": "https://nothosaur.com/",
        "scheduled_date": "0000-00-00",
        "date_created": "2024-11-10 19:55:13",
        "link": "https://nothosaur.com/collections/dildos/products/nothosaur-necrons",
        "preview_link": "https://nothosaur.com/cdn/shop/files/1-1_8d1f01b2-cc4b-4509-93a4-f4c209f82e14.jpg",
        "soft_deleted": "0"
    },
    {
        "id": "121",
        "name": "Abyss",
        "size": "XXL",
        "options": "Color: Deep Sea Blue",
        "price": "186.57",
        "brand": "Nothosaur",
        "brand_link": "https://nothosaur.com/",
        "scheduled_date": "0000-00-00",
        "date_created": "2024-11-10 19:58:12",
        "link": "https://nothosaur.com/products/nothosaur-abyss",
        "preview_link": "https://nothosaur.com/cdn/shop/files/Nothosaurtoys-abyss-tenatcle-tenticle-dildo-Newmain_1.jpg",
        "soft_deleted": "0"
    },
    {
        "id": "122",
        "name": "Abyss II",
        "size": "L",
        "options": "Color: Deep Sea Blue",
        "price": "151.72",
        "brand": "Nothosaur",
        "brand_link": "https://nothosaur.com/",
        "scheduled_date": "0000-00-00",
        "date_created": "2024-11-10 20:00:30",
        "link": "https://nothosaur.com/products/nothosaur-abyss-ii",
        "preview_link": "https://nothosaur.com/cdn/shop/files/Nothosaurtoys-abyssII-long-tenatcle-tenticle-dildo-deep-play-main.jpg",
        "soft_deleted": "0"
    },
    {
        "id": "123",
        "name": "Alcanon",
        "size": "XL",
        "options": "Color: Plum",
        "price": "270.53",
        "brand": "Nothosaur",
        "brand_link": "https://nothosaur.com/",
        "scheduled_date": "0000-00-00",
        "date_created": "2024-11-10 20:03:14",
        "link": "https://nothosaur.com/products/alcanon",
        "preview_link": "https://nothosaur.com/cdn/shop/files/Alcamon-Nothosaur-Fantasy-Animal-Dildo-1_3760f48e-f812-4a29-9bf0-844f2ee06ffc.jpg",
        "soft_deleted": "0"
    },
    {
        "id": "124",
        "name": "Anubis",
        "size": "XL",
        "options": "Color: Wizard",
        "price": "177.24",
        "brand": "Nothosaur",
        "brand_link": "https://nothosaur.com/",
        "scheduled_date": "0000-00-00",
        "date_created": "2024-11-10 20:14:38",
        "link": "https://nothosaur.com/products/anubis",
        "preview_link": "https://nothosaur.com/cdn/shop/files/ANUBIS-saga-color-fantasy-dog-knot-animals-dildo-1.jpg",
        "soft_deleted": "0"
    },
    {
        "id": "125",
        "name": "Anubis",
        "size": "XXL",
        "options": "Color: Wizard",
        "price": "223.89",
        "brand": "Nothosaur",
        "brand_link": "https://nothosaur.com/",
        "scheduled_date": "0000-00-00",
        "date_created": "2024-11-10 20:17:52",
        "link": "https://nothosaur.com/products/anubis",
        "preview_link": "https://nothosaur.com/cdn/shop/files/ANUBIS-saga-color-fantasy-dog-knot-animals-dildo-1.jpg",
        "soft_deleted": "0"
    },
    {
        "id": "126",
        "name": "Audrey II",
        "size": "M",
        "options": "Color: Rainforest Green",
        "price": "102.61",
        "brand": "Nothosaur",
        "brand_link": "https://nothosaur.com/",
        "scheduled_date": "0000-00-00",
        "date_created": "2024-11-10 20:20:55",
        "link": "https://nothosaur.com/products/nothosaur-audrey-ii",
        "preview_link": "https://nothosaur.com/cdn/shop/files/AUDREYII-Oviposition-fantasy-dildo-layingegg-alien.jpg",
        "soft_deleted": "0"
    },
    {
        "id": "127",
        "name": "Zerger",
        "size": "L",
        "options": "Color: AlienSilver",
        "price": "149.25",
        "brand": "Nothosaur",
        "brand_link": "https://nothosaur.com/",
        "scheduled_date": "0000-00-00",
        "date_created": "2024-11-10 20:22:54",
        "link": "https://nothosaur.com/collections/ovipositor-dildo-range/products/nothosaur-zerger",
        "preview_link": "https://nothosaur.com/cdn/shop/files/1_e607c802-4e19-4e67-8cb2-412d64e3faca.jpg",
        "soft_deleted": "0"
    },
    {
        "id": "128",
        "name": "Egg Mold+Push rod",
        "size": "M",
        "options": null,
        "price": "27.98",
        "brand": "Nothosaur",
        "brand_link": "https://nothosaur.com/",
        "scheduled_date": "0000-00-00",
        "date_created": "2024-11-10 20:24:54",
        "link": "https://nothosaur.com/collections/accessories/products/egg-mold-push-rod",
        "preview_link": "https://nothosaur.com/cdn/shop/products/0152d3b361ea7a3f677d5c9309e2dcb8.jpg",
        "soft_deleted": "0"
    },
    {
        "id": "129",
        "name": "Ein",
        "size": "XXXL",
        "options": "Color: Mirage",
        "price": "261.2",
        "brand": "Nothosaur",
        "brand_link": "https://nothosaur.com/",
        "scheduled_date": "0000-00-00",
        "date_created": "2024-11-10 20:33:57",
        "link": "https://nothosaur.com/products/ein",
        "preview_link": "https://nothosaur.com/cdn/shop/files/3_b5b66361-9c1e-4d08-a6c8-acdde68c668c.jpg",
        "soft_deleted": "0"
    },
    {
        "id": "130",
        "name": "Figure",
        "size": "XXL",
        "options": "Color: IRONN Rush Purple",
        "price": "251.87",
        "brand": "Nothosaur",
        "brand_link": "https://nothosaur.com/",
        "scheduled_date": "0000-00-00",
        "date_created": "2024-11-10 20:37:44",
        "link": "https://nothosaur.com/products/figure",
        "preview_link": "https://nothosaur.com/cdn/shop/files/1_b3694773-9a97-42d0-9f8b-7aec8aa4f2a4.jpg",
        "soft_deleted": "0"
    },
    {
        "id": "131",
        "name": "Hunter Jack",
        "size": "L",
        "options": "Color: Bounty Noir",
        "price": "167.91",
        "brand": "Nothosaur",
        "brand_link": "https://nothosaur.com/",
        "scheduled_date": "0000-00-00",
        "date_created": "2024-11-10 20:40:17",
        "link": "https://nothosaur.com/products/hunter-jack",
        "preview_link": "https://nothosaur.com/cdn/shop/files/NothosaurHunterJackHorseDildoonablackbackground.jpg",
        "soft_deleted": "0"
    },
    {
        "id": "132",
        "name": "Hunter Jack",
        "size": "XXL",
        "options": "Color: Bounty Noir",
        "price": "317.18",
        "brand": "Nothosaur",
        "brand_link": "https://nothosaur.com/",
        "scheduled_date": "0000-00-00",
        "date_created": "2024-11-10 20:41:00",
        "link": "https://nothosaur.com/products/hunter-jack",
        "preview_link": "https://nothosaur.com/cdn/shop/files/NothosaurHunterJackHorseDildoonablackbackground.jpg",
        "soft_deleted": "0"
    },
    {
        "id": "133",
        "name": "Mephisto",
        "size": "XL",
        "options": "Color: Earl Black Green",
        "price": "158.58",
        "brand": "Nothosaur",
        "brand_link": "https://nothosaur.com/",
        "scheduled_date": "0000-00-00",
        "date_created": "2024-11-10 20:49:45",
        "link": "https://nothosaur.com/products/mephisto",
        "preview_link": "https://nothosaur.com/cdn/shop/files/1_48c47317-e9c8-431d-b91a-0483658a5b99.jpg",
        "soft_deleted": "0"
    },
    {
        "id": "134",
        "name": "Mephisto",
        "size": "XXXL",
        "options": "Color: Earl Black Green",
        "price": "279.86",
        "brand": "Nothosaur",
        "brand_link": "https://nothosaur.com/",
        "scheduled_date": "0000-00-00",
        "date_created": "2024-11-10 20:50:52",
        "link": "https://nothosaur.com/products/mephisto",
        "preview_link": "https://nothosaur.com/cdn/shop/files/1_48c47317-e9c8-431d-b91a-0483658a5b99.jpg",
        "soft_deleted": "0"
    },
    {
        "id": "135",
        "name": "♏️Scorpio",
        "size": "XXL",
        "options": "Color: Stinger Purple",
        "price": "223.89",
        "brand": "Nothosaur",
        "brand_link": "https://nothosaur.com/",
        "scheduled_date": "0000-00-00",
        "date_created": "2024-11-10 20:53:56",
        "link": "https://nothosaur.com/products/nothosaur-scorpio",
        "preview_link": "https://nothosaur.com/cdn/shop/files/1_d68284a1-eda6-44d4-b093-786d3722d1ae.jpg",
        "soft_deleted": "0"
    },
    {
        "id": "136",
        "name": "Wiz",
        "size": "XL",
        "options": "Color: Rainhill Cyan",
        "price": "149.32",
        "brand": "Nothosaur",
        "brand_link": "https://nothosaur.com/",
        "scheduled_date": "0000-00-00",
        "date_created": "2024-11-10 20:59:38",
        "link": "https://nothosaur.com/collections/dildos/products/nothosaur-wiz",
        "preview_link": "https://nothosaur.com/cdn/shop/files/nothosaur-wiz-fantasy-toyscatanimaldildomonstersextoyadultdildo.png",
        "soft_deleted": "0"
    },
    {
        "id": "137",
        "name": "Mathayus",
        "size": "XL",
        "options": "Color: Crimson",
        "price": "149.32",
        "brand": "Nothosaur",
        "brand_link": "https://nothosaur.com/",
        "scheduled_date": "0000-00-00",
        "date_created": "2024-11-10 21:03:55",
        "link": "https://nothosaur.com/collections/dildos/products/nothosaur-mathayus",
        "preview_link": "https://nothosaur.com/cdn/shop/files/2_d26bd00e-6762-4fa3-b4f2-5997b6390a7a.jpg",
        "soft_deleted": "0"
    },
    {
        "id": "138",
        "name": "Abyss XL",
        "size": "One size",
        "options": "Primary color: Green\r\nSecondary color: Purple",
        "price": "107.33",
        "brand": "The Crafty Hedonist",
        "brand_link": "https://spicerack.market/thecraftyhedonist/",
        "scheduled_date": "0000-00-00",
        "date_created": "2024-11-10 21:19:04",
        "link": "https://spicerack.market/sex-toys/dildos/fantasy-dildos/abyss-xl/",
        "preview_link": "https://x.spicycdn.com/detailed/43/il_fullxfull.4442727336_dyg4.jpg",
        "soft_deleted": "0"
    },
    {
        "id": "139",
        "name": "Lynel",
        "size": "One size",
        "options": null,
        "price": "126",
        "brand": "The Crafty Hedonist",
        "brand_link": "https://spicerack.market/thecraftyhedonist/",
        "scheduled_date": "0000-00-00",
        "date_created": "2024-11-10 21:21:24",
        "link": "https://spicerack.market/sex-toys/dildos/fantasy-dildos/lynel/",
        "preview_link": "https://x.spicycdn.com/detailed/43/il_fullxfull.5618170554_3fga.jpg",
        "soft_deleted": "0"
    },
    {
        "id": "140",
        "name": "Spyro",
        "size": "One size",
        "options": null,
        "price": "107.33",
        "brand": "The Crafty Hedonist",
        "brand_link": "https://spicerack.market/thecraftyhedonist/",
        "scheduled_date": "0000-00-00",
        "date_created": "2024-11-10 21:23:17",
        "link": "https://spicerack.market/sex-toys/dildos/fantasy-dildos/spyro/",
        "preview_link": "https://x.spicycdn.com/detailed/43/il_fullxfull.3801174695_2gk3.jpg",
        "soft_deleted": "0"
    },
    {
        "id": "141",
        "name": "Legion",
        "size": "One size",
        "options": null,
        "price": "84",
        "brand": "The Crafty Hedonist",
        "brand_link": "https://spicerack.market/thecraftyhedonist/",
        "scheduled_date": "0000-00-00",
        "date_created": "2024-11-10 21:24:34",
        "link": "https://spicerack.market/sex-toys/dildos/fantasy-dildos/legion/",
        "preview_link": "https://x.spicycdn.com/detailed/43/il_fullxfull.3075203893_sua6.jpg",
        "soft_deleted": "0"
    },
    {
        "id": "142",
        "name": "Abyss",
        "size": "One size",
        "options": null,
        "price": "98",
        "brand": "The Crafty Hedonist",
        "brand_link": "https://spicerack.market/thecraftyhedonist/",
        "scheduled_date": "0000-00-00",
        "date_created": "2024-11-10 21:41:12",
        "link": "https://spicerack.market/sex-toys/dildos/fantasy-dildos/abyss/",
        "preview_link": "https://x.spicycdn.com/detailed/126/6667df6b29028_1718083434jpg.jpg",
        "soft_deleted": "0"
    },
    {
        "id": "143",
        "name": "Arbiter",
        "size": "One size",
        "options": null,
        "price": "107.33",
        "brand": "The Crafty Hedonist",
        "brand_link": "https://spicerack.market/thecraftyhedonist/",
        "scheduled_date": "0000-00-00",
        "date_created": "2024-11-10 21:46:02",
        "link": "https://spicerack.market/sex-toys/dildos/fantasy-dildos/arbiter-195aba9/",
        "preview_link": "https://x.spicycdn.com/detailed/201/66b53daf1df49_1723153838.jpg",
        "soft_deleted": "0"
    },
    {
        "id": "144",
        "name": "Nacht XL",
        "size": "One size",
        "options": null,
        "price": "326.66",
        "brand": "The Crafty Hedonist",
        "brand_link": "https://spicerack.market/thecraftyhedonist/",
        "scheduled_date": "0000-00-00",
        "date_created": "2024-11-10 21:49:39",
        "link": "https://spicerack.market/sex-toys/dildos/fantasy-dildos/nacht-xl/",
        "preview_link": "https://x.spicycdn.com/detailed/43/il_fullxfull.4875385733_tp37.jpg",
        "soft_deleted": "0"
    },
    {
        "id": "145",
        "name": "Keelah",
        "size": "One size",
        "options": null,
        "price": "98",
        "brand": "The Crafty Hedonist",
        "brand_link": "https://spicerack.market/thecraftyhedonist/",
        "scheduled_date": "0000-00-00",
        "date_created": "2024-11-10 21:50:53",
        "link": "https://spicerack.market/sex-toys/dildos/fantasy-dildos/keelah/",
        "preview_link": "https://x.spicycdn.com/detailed/43/il_fullxfull.3167171570_kos0.jpg",
        "soft_deleted": "0"
    },
    {
        "id": "146",
        "name": "Zarkon",
        "size": "One size",
        "options": null,
        "price": "107.33",
        "brand": "The Crafty Hedonist",
        "brand_link": "https://spicerack.market/thecraftyhedonist/",
        "scheduled_date": "0000-00-00",
        "date_created": "2024-11-10 21:56:39",
        "link": "https://spicerack.market/sex-toys/dildos/fantasy-dildos/zarkon-4216a11/",
        "preview_link": "https://x.spicycdn.com/detailed/222/66d8cc2716ba6_1725484070.jpg",
        "soft_deleted": "0"
    },
    {
        "id": "147",
        "name": "Kitsune",
        "size": "One size",
        "options": null,
        "price": "102.66",
        "brand": "The Crafty Hedonist",
        "brand_link": "https://spicerack.market/thecraftyhedonist/",
        "scheduled_date": "0000-00-00",
        "date_created": "2024-11-10 21:57:42",
        "link": "https://spicerack.market/sex-toys/dildos/fantasy-dildos/kitsune/",
        "preview_link": "https://x.spicycdn.com/detailed/43/il_fullxfull.3458810173_dg58.jpg",
        "soft_deleted": "0"
    },
    {
        "id": "148",
        "name": "Nacht",
        "size": "One size",
        "options": null,
        "price": "121.33",
        "brand": "The Crafty Hedonist",
        "brand_link": "https://spicerack.market/thecraftyhedonist/",
        "scheduled_date": "0000-00-00",
        "date_created": "2024-11-10 21:59:13",
        "link": "https://spicerack.market/sex-toys/dildos/fantasy-dildos/nacht-171242d/",
        "preview_link": "https://x.spicycdn.com/detailed/43/il_fullxfull.5729154190_h705.jpg",
        "soft_deleted": "0"
    },
    {
        "id": "149",
        "name": "Archangel's Maw",
        "size": "One size",
        "options": null,
        "price": "112",
        "brand": "The Crafty Hedonist",
        "brand_link": "https://spicerack.market/thecraftyhedonist/",
        "scheduled_date": "0000-00-00",
        "date_created": "2024-11-10 22:02:30",
        "link": "https://spicerack.market/sex-toys/dildos/fantasy-dildos/archangels-maw/",
        "preview_link": "https://x.spicycdn.com/detailed/43/il_fullxfull.5243349213_qymk.jpg",
        "soft_deleted": "0"
    },
    {
        "id": "150",
        "name": "Archangel",
        "size": "One size",
        "options": null,
        "price": "102.66",
        "brand": "The Crafty Hedonist",
        "brand_link": "https://spicerack.market/thecraftyhedonist/",
        "scheduled_date": "0000-00-00",
        "date_created": "2024-11-10 22:03:52",
        "link": "https://spicerack.market/sex-toys/dildos/fantasy-dildos/archangel-7db215b/",
        "preview_link": "https://x.spicycdn.com/detailed/43/il_fullxfull.3027480484_izb6.jpg",
        "soft_deleted": "0"
    },
    {
        "id": "151",
        "name": "Archangel XXL",
        "size": "One size",
        "options": null,
        "price": "326.66",
        "brand": "The Crafty Hedonist",
        "brand_link": "https://spicerack.market/thecraftyhedonist/",
        "scheduled_date": "0000-00-00",
        "date_created": "2024-11-10 22:07:43",
        "link": "https://spicerack.market/sex-toys/dildos/fantasy-dildos/archangel-xxl/",
        "preview_link": "https://x.spicycdn.com/detailed/43/il_fullxfull.4058643609_4u28.jpg",
        "soft_deleted": "0"
    },
    {
        "id": "152",
        "name": "Cthulhu",
        "size": "XL",
        "options": null,
        "price": "144.09",
        "brand": "Kreature Toys",
        "brand_link": "https://spicerack.market/kreaturetoys/",
        "scheduled_date": "0000-00-00",
        "date_created": "2024-11-10 22:21:56",
        "link": "https://spicerack.market/sex-toys/dildos/fantasy-dildos/cerberus-solid-color-small-size-custom-fantasy-dildo-with-knot-silicone-dog-style-sex-toy-en-4-en-4/",
        "preview_link": "https://x.spicycdn.com/detailed/27/signature-color-cthulhu-tentacle-dildo-mirror-surface-title.jpg",
        "soft_deleted": "0"
    },
    {
        "id": "153",
        "name": "Xenu",
        "size": "XL",
        "options": null,
        "price": "167.19",
        "brand": "Kreature Toys",
        "brand_link": "https://spicerack.market/kreaturetoys/",
        "scheduled_date": "0000-00-00",
        "date_created": "2024-11-10 22:26:26",
        "link": "https://spicerack.market/sex-toys/dildos/fantasy-dildos/cerberus-solid-color-small-size-custom-fantasy-dildo-with-knot-silicone-dog-style-sex-toy-en-5-en-4/",
        "preview_link": "https://x.spicycdn.com/detailed/28/signature-color-xenu-dildo-with-title.jpg",
        "soft_deleted": "0"
    },
    {
        "id": "154",
        "name": "Kezax",
        "size": "XL",
        "options": null,
        "price": "154.55",
        "brand": "Kreature Toys",
        "brand_link": "https://spicerack.market/kreaturetoys/",
        "scheduled_date": "0000-00-00",
        "date_created": "2024-11-10 22:29:29",
        "link": "https://spicerack.market/sex-toys/dildos/fantasy-dildos/cerberus-solid-color-small-size-custom-fantasy-dildo-with-knot-silicone-dog-style-sex-toy-en-6-en-5",
        "preview_link": "https://x.spicycdn.com/detailed/28/signature-color-kezax-dildo-with-title.jpg",
        "soft_deleted": "0"
    },
    {
        "id": "155",
        "name": "Uldred's Maw",
        "size": "XL",
        "options": null,
        "price": "159.02",
        "brand": "Kreature Toys",
        "brand_link": "https://spicerack.market/kreaturetoys/",
        "scheduled_date": "0000-00-00",
        "date_created": "2024-11-10 22:31:04",
        "link": "https://spicerack.market/sex-toys/dildos/fantasy-dildos/cerberus-solid-color-small-size-custom-fantasy-dildo-with-knot-silicone-dog-style-sex-toy-en-10-en-4/",
        "preview_link": "https://x.spicycdn.com/detailed/42/signature-color-dragon-tongue-dildo-laying-flat-with-title.jpg",
        "soft_deleted": "0"
    },
    {
        "id": "156",
        "name": "Knox with Cum Tube",
        "size": "Large",
        "options": "Accessories: Cum Tube",
        "price": "136.95",
        "brand": "Frisk Toys",
        "brand_link": "https://frisktoys.com",
        "scheduled_date": "0000-00-00",
        "date_created": "2024-11-10 22:35:34",
        "link": "https://frisktoys.com/products/fantasy-toy-sex-toy-knot-dildo-anal-knot-dildo-handmade-gift-knotted-sex-toy-bbc-body-safe-platinum-silicone-anal-gaping",
        "preview_link": "https://frisktoys.com/cdn/shop/files/Listing-Cover-Images-_1.png",
        "soft_deleted": "0"
    },
    {
        "id": "157",
        "name": "Nile",
        "size": "XL",
        "options": "Color: Signature",
        "price": "200.35",
        "brand": "Weredog",
        "brand_link": "https://weredog.co.uk",
        "scheduled_date": "0000-00-00",
        "date_created": "2024-11-14 23:48:46",
        "link": "https://weredog.co.uk/inventory/nile/",
        "preview_link": "https://weredog.co.uk/wp-content/uploads/2023/02/Nile.jpg",
        "soft_deleted": "0"
    },
    {
        "id": "158",
        "name": "Hydra",
        "size": "XL",
        "options": "Color: Signature",
        "price": "200.35",
        "brand": "Weredog",
        "brand_link": "https://weredog.co.uk",
        "scheduled_date": "0000-00-00",
        "date_created": "2024-11-14 23:50:32",
        "link": "https://weredog.co.uk/inventory/hydra/",
        "preview_link": "https://weredog.co.uk/wp-content/uploads/2022/06/WD-16-Hydra-Mainproductimage-01.jpg",
        "soft_deleted": "0"
    },
    {
        "id": "159",
        "name": "The Equine",
        "size": "Large",
        "options": "Color: Mahogany",
        "price": "110.19",
        "brand": "Weredog",
        "brand_link": "https://weredog.co.uk",
        "scheduled_date": "0000-00-00",
        "date_created": "2024-11-14 23:52:49",
        "link": "https://weredog.co.uk/inventory/the-equine/",
        "preview_link": "https://weredog.co.uk/wp-content/uploads/2023/07/The-Equine-Banner.jpg",
        "soft_deleted": "0"
    },
    {
        "id": "160",
        "name": "Ranger",
        "size": "XL",
        "options": "Color: Moonlight",
        "price": "200.35",
        "brand": "Weredog",
        "brand_link": "https://weredog.co.uk",
        "scheduled_date": "0000-00-00",
        "date_created": "2024-11-14 23:55:24",
        "link": "https://weredog.co.uk/inventory/ranger/",
        "preview_link": "https://weredog.co.uk/wp-content/uploads/2024/06/Ranger_product_single-1.jpg",
        "soft_deleted": "0"
    },
    {
        "id": "161",
        "name": "Ranger",
        "size": "XXL",
        "options": "Color: Signature",
        "price": "250.44",
        "brand": "Weredog",
        "brand_link": "https://weredog.co.uk",
        "scheduled_date": "0000-00-00",
        "date_created": "2024-11-14 23:56:05",
        "link": "https://weredog.co.uk/inventory/ranger/",
        "preview_link": "https://weredog.co.uk/wp-content/uploads/2024/06/Ranger_product_single-1.jpg",
        "soft_deleted": "0"
    },
    {
        "id": "162",
        "name": "Roscoe",
        "size": "XL",
        "options": "Color: Red Rocket",
        "price": "175.31",
        "brand": "Weredog",
        "brand_link": "https://weredog.co.uk",
        "scheduled_date": "0000-00-00",
        "date_created": "2024-11-14 23:58:37",
        "link": "https://weredog.co.uk/inventory/roscoe/",
        "preview_link": "https://weredog.co.uk/wp-content/uploads/2018/10/Roscoe-2.jpg",
        "soft_deleted": "0"
    },
    {
        "id": "163",
        "name": "WereRoscoe",
        "size": "XL",
        "options": "Color: Signature",
        "price": "200.35",
        "brand": "Weredog",
        "brand_link": "https://weredog.co.uk",
        "scheduled_date": "0000-00-00",
        "date_created": "2024-11-15 00:01:25",
        "link": "https://weredog.co.uk/inventory/roscoe/",
        "preview_link": "https://weredog.co.uk/wp-content/uploads/2022/10/WEREROSCOE-COMPARISON.jpg",
        "soft_deleted": "0"
    },
    {
        "id": "164",
        "name": "K Lube",
        "size": "Regular (Twin Pack)",
        "options": null,
        "price": "37.5",
        "brand": "Weredog",
        "brand_link": "https://weredog.co.uk",
        "scheduled_date": "2024-12-25",
        "date_created": "2024-11-15 00:02:36",
        "link": "https://weredog.co.uk/inventory/k-lube/",
        "preview_link": "https://weredog.co.uk/wp-content/uploads/2021/05/2022_02_17_0942.jpg",
        "soft_deleted": "0"
    },
    {
        "id": "165",
        "name": "Strix",
        "size": "Single",
        "options": "Color: Signature",
        "price": "150.27",
        "brand": "Weredog",
        "brand_link": "https://weredog.co.uk",
        "scheduled_date": "0000-00-00",
        "date_created": "2024-11-15 00:04:39",
        "link": "https://weredog.co.uk/inventory/strix/",
        "preview_link": "https://weredog.co.uk/wp-content/uploads/2022/07/WD-17-strix-main-product-image.jpg",
        "soft_deleted": "0"
    },
    {
        "id": "166",
        "name": "Mason’s Hindpaws",
        "size": "Pair",
        "options": "Color: Jet",
        "price": "225.4",
        "brand": "Weredog",
        "brand_link": "https://weredog.co.uk",
        "scheduled_date": "0000-00-00",
        "date_created": "2024-11-15 00:06:37",
        "link": "https://weredog.co.uk/inventory/masons-hindpaws/",
        "preview_link": "https://weredog.co.uk/wp-content/uploads/2022/05/WD-08-MASON-MAINBEAUTY-2022-02.jpg",
        "soft_deleted": "0"
    },
    {
        "id": "167",
        "name": "Hudson",
        "size": "One size",
        "options": "Color: Signature",
        "price": "134.6",
        "brand": "Weredog",
        "brand_link": "https://weredog.co.uk",
        "scheduled_date": "0000-00-00",
        "date_created": "2024-11-16 08:52:45",
        "link": "https://weredog.co.uk/inventory/hudson/",
        "preview_link": "https://weredog.co.uk/wp-content/uploads/2023/04/Hudson-1.jpg",
        "soft_deleted": "0"
    },
    {
        "id": "168",
        "name": "Creature",
        "size": "One size",
        "options": "Color: Signature",
        "price": "134.62",
        "brand": "Weredog",
        "brand_link": "https://weredog.co.uk",
        "scheduled_date": "0000-00-00",
        "date_created": "2024-11-16 17:01:14",
        "link": "https://weredog.co.uk/inventory/creature/",
        "preview_link": "https://weredog.co.uk/wp-content/uploads/2023/10/Creature.jpeg",
        "soft_deleted": "0"
    },
    {
        "id": "169",
        "name": "Sapphire",
        "size": "Roomy",
        "options": "Color: Signature",
        "price": "134.62",
        "brand": "Weredog",
        "brand_link": "https://weredog.co.uk",
        "scheduled_date": "0000-00-00",
        "date_created": "2024-11-17 10:51:02",
        "link": "https://weredog.co.uk/inventory/sapphire/",
        "preview_link": "https://weredog.co.uk/wp-content/uploads/2022/12/Sapphire-Product-Photo.jpg",
        "soft_deleted": "0"
    },
    {
        "id": "170",
        "name": "Lucy",
        "size": "One size",
        "options": "Color: Signature",
        "price": "134.62",
        "brand": "Weredog",
        "brand_link": "https://weredog.co.uk",
        "scheduled_date": "0000-00-00",
        "date_created": "2024-11-17 10:55:51",
        "link": "https://weredog.co.uk/inventory/lucy/",
        "preview_link": "https://weredog.co.uk/wp-content/uploads/2024/04/Lucy-productimg-1440.jpg",
        "soft_deleted": "0"
    },
    {
        "id": "171",
        "name": "Hephos the Blighted",
        "size": "XXL",
        "options": "Color: Solid split shaft and base",
        "price": "179.95",
        "brand": "Neotori",
        "brand_link": "https://neotori.com/",
        "scheduled_date": "0000-00-00",
        "date_created": "2024-11-18 22:31:50",
        "link": "https://neotori.com/product/hephos-the-blighted/",
        "preview_link": "https://neotori.com/wp-content/uploads/2023/03/Hephos_thumbnail.jpg",
        "soft_deleted": "0"
    },
    {
        "id": "172",
        "name": "Jorhan the Neighbour",
        "size": "XL",
        "options": "Color: Full body dual marble",
        "price": "244.95",
        "brand": "Neotori",
        "brand_link": "https://neotori.com/",
        "scheduled_date": "0000-00-00",
        "date_created": "2024-11-18 22:35:56",
        "link": "https://neotori.com/product/jorhan-the-neighbour/",
        "preview_link": "https://neotori.com/wp-content/uploads/2021/11/Jorhan_thumbnail-2000x2000.jpg",
        "soft_deleted": "0"
    },
    {
        "id": "173",
        "name": "Mundir the Wolf",
        "size": "XL",
        "options": "Color: Full body dual marbled",
        "price": "149.95",
        "brand": "Neotori",
        "brand_link": "https://neotori.com/",
        "scheduled_date": "0000-00-00",
        "date_created": "2024-11-18 22:39:50",
        "link": "https://neotori.com/product/fantasy-dildo-mundir-the-wolf/",
        "preview_link": "https://neotori.com/wp-content/uploads/2021/11/Mundir_thumbnail.jpg",
        "soft_deleted": "0"
    },
    {
        "id": "174",
        "name": "Stoic the Concept",
        "size": "Large",
        "options": "Color: Anodized Essence",
        "price": "124.95",
        "brand": "Neotori",
        "brand_link": "https://neotori.com/",
        "scheduled_date": "0000-00-00",
        "date_created": "2024-11-18 22:42:31",
        "link": "https://neotori.com/product/stoic-the-concept/",
        "preview_link": "https://neotori.com/wp-content/uploads/2024/08/Stoic_Thumbnail-2000x2000.jpg",
        "soft_deleted": "0"
    },
    {
        "id": "175",
        "name": "Talos the Pure",
        "size": "XXL",
        "options": "Color: Solid split shaft and base",
        "price": "179.95",
        "brand": "Neotori",
        "brand_link": "https://neotori.com/",
        "scheduled_date": "0000-00-00",
        "date_created": "2024-11-18 22:46:12",
        "link": "https://neotori.com/product/talos-the-pure/",
        "preview_link": "https://neotori.com/wp-content/uploads/2023/05/Talos_thumbnail.jpg",
        "soft_deleted": "0"
    },
    {
        "id": "176",
        "name": "Tycho the Tinkerer",
        "size": "Large",
        "options": "Color: Marbled shaft and solid base",
        "price": "134.95",
        "brand": "Neotori",
        "brand_link": "https://neotori.com/",
        "scheduled_date": "0000-00-00",
        "date_created": "2024-11-18 22:50:58",
        "link": "https://neotori.com/product/tycho-the-tinkerer/",
        "preview_link": "https://neotori.com/wp-content/uploads/2023/11/Tycho_thumbnail.jpg",
        "soft_deleted": "0"
    },
    {
        "id": "177",
        "name": "Small Towel “Cum Rag”",
        "size": "30 x 50 cm",
        "options": "Color: Navy",
        "price": "9.95",
        "brand": "Neotori",
        "brand_link": "https://neotori.com/",
        "scheduled_date": "0000-00-00",
        "date_created": "2024-11-18 22:53:14",
        "link": "https://neotori.com/product/small-towel-cum-rag/",
        "preview_link": "https://neotori.com/wp-content/uploads/2023/05/GT-1_min.jpg",
        "soft_deleted": "0"
    },
    {
        "id": "178",
        "name": "Towel “Bone Zone”",
        "size": "50 x 100 cm",
        "options": "Color: Navy",
        "price": "29.95",
        "brand": "Neotori",
        "brand_link": "https://neotori.com/",
        "scheduled_date": "0000-00-00",
        "date_created": "2024-11-18 22:55:56",
        "link": "https://neotori.com/product/towel-bone-zone/",
        "preview_link": "https://neotori.com/wp-content/uploads/2023/05/BZ1.jpg",
        "soft_deleted": "0"
    },
    {
        "id": "179",
        "name": "Mystique Unicorn",
        "size": "One size",
        "options": null,
        "price": "67.95",
        "brand": "Afterglo",
        "brand_link": "https://www.myafterglo.com/",
        "scheduled_date": "0000-00-00",
        "date_created": "2024-11-19 00:01:35",
        "link": "https://www.myafterglo.com/products/creature-cocks-mystique-unicorn-dildo",
        "preview_link": "https://cdn.shopify.com/s/files/1/0526/6905/5172/products/creature-cocks-mystique-unicorn-dildo-afterglo_01.jpg",
        "soft_deleted": "0"
    },
    {
        "id": "180",
        "name": "Finn the Punk",
        "size": "XL",
        "options": null,
        "price": "159.95",
        "brand": "Neotori",
        "brand_link": "https://neotori.com/",
        "scheduled_date": "0000-00-00",
        "date_created": "2024-12-06 23:36:13",
        "link": "https://neotori.com/product/finn-the-punk/",
        "preview_link": "https://neotori.com/wp-content/uploads/2021/11/Finn_thumbnail.jpg",
        "soft_deleted": "0"
    },
    {
        "id": "181",
        "name": "Elephant",
        "size": "XL",
        "options": null,
        "price": "279.07",
        "brand": "EXOTIC-EROTICS",
        "brand_link": "https://www.exotic-erotics.com/store/",
        "scheduled_date": "0000-00-00",
        "date_created": "2024-12-08 15:59:27",
        "link": "https://www.exotic-erotics.com/store/index.php?main_page=product_info&cPath=52_41&products_id=708",
        "preview_link": "https://www.exotic-erotics.com/store/images/products/ElephantXL.jpg",
        "soft_deleted": "0"
    }
]
